#-----------------------------------------------------------
# Vivado v2021.1 (64-bit)
# SW Build 3247384 on Thu Jun 10 19:36:33 MDT 2021
# IP Build 3246043 on Fri Jun 11 00:30:35 MDT 2021
# Start of session at: Sun Jan 16 16:24:09 2022
# Process ID: 20440
# Current directory: C:/Users/alejandro/Documents/GitHub/Cronometro-VHDL-Trabajo-SED-2021-/project_1
# Command line: vivado.exe -gui_launcher_event rodinguilauncherevent16152 C:\Users\alejandro\Documents\GitHub\Cronometro-VHDL-Trabajo-SED-2021-\project_1\project_1.xpr
# Log file: C:/Users/alejandro/Documents/GitHub/Cronometro-VHDL-Trabajo-SED-2021-/project_1/vivado.log
# Journal file: C:/Users/alejandro/Documents/GitHub/Cronometro-VHDL-Trabajo-SED-2021-/project_1\vivado.jou
#-----------------------------------------------------------
start_gui
open_project C:/Users/alejandro/Documents/GitHub/Cronometro-VHDL-Trabajo-SED-2021-/project_1/project_1.xpr
update_compile_order -fileset sources_1
reset_run synth_1
launch_runs impl_1 -to_step write_bitstream -jobs 4
wait_on_run impl_1
update_compile_order -fileset sim_1
update_compile_order -fileset sim_1
launch_simulation
source Cuenta_atras_tb.tcl
run all
close_sim
# Disabling source management mode.  This is to allow the top design properties to be set without GUI intervention.
set_property source_mgmt_mode None [current_project]
set_property top Modo_Temp_tb [get_filesets sim_1]
set_property top_lib xil_defaultlib [get_filesets sim_1]
# Re-enabling previously disabled source management mode.
set_property source_mgmt_mode All [current_project]
update_compile_order -fileset sim_1
launch_simulation
source Modo_Temp_tb.tcl
run all
close_sim
launch_simulation
source Modo_Temp_tb.tcl
run all
close_sim
launch_simulation
source Modo_Temp_tb.tcl
run all
close_sim
launch_simulation
source Modo_Temp_tb.tcl
close_sim
launch_simulation
source Modo_Temp_tb.tcl
run all
close_sim
set_property SOURCE_SET sources_1 [get_filesets sim_1]
close [ open C:/Users/alejandro/Documents/GitHub/Cronometro-VHDL-Trabajo-SED-2021-/project_1/project_1.srcs/sim_1/new/Sel_Cuenta_tb.vhd w ]
add_files -fileset sim_1 C:/Users/alejandro/Documents/GitHub/Cronometro-VHDL-Trabajo-SED-2021-/project_1/project_1.srcs/sim_1/new/Sel_Cuenta_tb.vhd
update_compile_order -fileset sim_1
# Disabling source management mode.  This is to allow the top design properties to be set without GUI intervention.
set_property source_mgmt_mode None [current_project]
set_property top Sel_Cuenta_tb [get_filesets sim_1]
set_property top_lib xil_defaultlib [get_filesets sim_1]
# Re-enabling previously disabled source management mode.
set_property source_mgmt_mode All [current_project]
update_compile_order -fileset sim_1
launch_simulation
source Sel_Cuenta_tb.tcl
close_sim
launch_simulation
source Sel_Cuenta_tb.tcl
add_bp {C:/Users/alejandro/Documents/GitHub/Cronometro-VHDL-Trabajo-SED-2021-/project_1/project_1.srcs/sim_1/new/Sel_Cuenta_tb.vhd} 81
remove_bps -file {C:/Users/alejandro/Documents/GitHub/Cronometro-VHDL-Trabajo-SED-2021-/project_1/project_1.srcs/sim_1/new/Sel_Cuenta_tb.vhd} -line 81
close_sim
launch_simulation
source Sel_Cuenta_tb.tcl
close_sim
# Disabling source management mode.  This is to allow the top design properties to be set without GUI intervention.
set_property source_mgmt_mode None [current_project]
set_property top Modo_Temp_tb [get_filesets sim_1]
set_property top_lib xil_defaultlib [get_filesets sim_1]
# Re-enabling previously disabled source management mode.
set_property source_mgmt_mode All [current_project]
update_compile_order -fileset sim_1
launch_simulation
source Modo_Temp_tb.tcl
close_sim
launch_simulation
source Modo_Temp_tb.tcl
run all
close_sim
launch_simulation
source Modo_Temp_tb.tcl
run all
run all
run all
run 1 s
close_sim
launch_simulation
source Modo_Temp_tb.tcl
run 1 s
close_sim
launch_simulation
source Modo_Temp_tb.tcl
run 1 s
close_sim
launch_simulation
source Modo_Temp_tb.tcl
run 1 s
close_sim
