#-----------------------------------------------------------
# Vivado v2021.1 (64-bit)
# SW Build 3247384 on Thu Jun 10 19:36:33 MDT 2021
# IP Build 3246043 on Fri Jun 11 00:30:35 MDT 2021
# Start of session at: Tue Dec 14 18:16:19 2021
# Process ID: 26188
# Current directory: C:/Users/Carlos/Documents/GitHub/Cronometro-VHDL-Trabajo-SED-2021-/project_1
# Command line: vivado.exe -gui_launcher_event rodinguilauncherevent15888 C:\Users\Carlos\Documents\GitHub\Cronometro-VHDL-Trabajo-SED-2021-\project_1\project_1.xpr
# Log file: C:/Users/Carlos/Documents/GitHub/Cronometro-VHDL-Trabajo-SED-2021-/project_1/vivado.log
# Journal file: C:/Users/Carlos/Documents/GitHub/Cronometro-VHDL-Trabajo-SED-2021-/project_1\vivado.jou
#-----------------------------------------------------------
start_gui
open_project C:/Users/Carlos/Documents/GitHub/Cronometro-VHDL-Trabajo-SED-2021-/project_1/project_1.xpr
update_compile_order -fileset sources_1
reset_run synth_1
launch_runs synth_1 -jobs 6
wait_on_run synth_1
launch_runs impl_1 -jobs 6
wait_on_run impl_1
reset_run impl_1
launch_runs impl_1 -jobs 6
wait_on_run impl_1
open_run impl_1
open_hw_manager
launch_runs impl_1 -to_step write_bitstream -jobs 6
wait_on_run impl_1
close_hw_manager
