#-----------------------------------------------------------
# Vivado v2021.1 (64-bit)
# SW Build 3247384 on Thu Jun 10 19:36:33 MDT 2021
# IP Build 3246043 on Fri Jun 11 00:30:35 MDT 2021
# Start of session at: Wed Dec 29 11:19:24 2021
# Process ID: 27892
# Current directory: C:/Users/alejandro/Documents/GitHub/Cronometro-VHDL-Trabajo-SED-2021-/project_1
# Command line: vivado.exe -gui_launcher_event rodinguilauncherevent16188 C:\Users\alejandro\Documents\GitHub\Cronometro-VHDL-Trabajo-SED-2021-\project_1\project_1.xpr
# Log file: C:/Users/alejandro/Documents/GitHub/Cronometro-VHDL-Trabajo-SED-2021-/project_1/vivado.log
# Journal file: C:/Users/alejandro/Documents/GitHub/Cronometro-VHDL-Trabajo-SED-2021-/project_1\vivado.jou
#-----------------------------------------------------------
start_gui
open_project C:/Users/alejandro/Documents/GitHub/Cronometro-VHDL-Trabajo-SED-2021-/project_1/project_1.xpr
update_compile_order -fileset sources_1
# Disabling source management mode.  This is to allow the top design properties to be set without GUI intervention.
set_property source_mgmt_mode None [current_project]
set_property top Cuenta_atras_tb [get_filesets sim_1]
set_property top_lib xil_defaultlib [get_filesets sim_1]
# Re-enabling previously disabled source management mode.
set_property source_mgmt_mode All [current_project]
update_compile_order -fileset sim_1
launch_simulation
source Cuenta_atras_tb.tcl
close_sim
launch_simulation
source Cuenta_atras_tb.tcl
run all
close_sim
launch_simulation
source Cuenta_atras_tb.tcl
run all
close_sim
launch_simulation
source Cuenta_atras_tb.tcl
close_sim
launch_simulation
source Cuenta_atras_tb.tcl
run all
run all
run 12 s
close_sim
launch_simulation
source Cuenta_atras_tb.tcl
run 12 s
close_sim
launch_simulation
source Cuenta_atras_tb.tcl
close_sim
launch_simulation
source Cuenta_atras_tb.tcl
close_sim
launch_simulation
source Cuenta_atras_tb.tcl
close_sim
launch_simulation
source Cuenta_atras_tb.tcl
close_sim
launch_simulation
source Cuenta_atras_tb.tcl
close_sim
launch_simulation
source Cuenta_atras_tb.tcl
close_sim
launch_simulation
source Cuenta_atras_tb.tcl
close_sim
launch_simulation
source Cuenta_atras_tb.tcl
close_sim
launch_simulation
source Cuenta_atras_tb.tcl
close_sim
launch_simulation
source Cuenta_atras_tb.tcl
close_sim
launch_simulation
source Cuenta_atras_tb.tcl
close_sim
launch_simulation
source Cuenta_atras_tb.tcl
close_sim
launch_simulation
source Cuenta_atras_tb.tcl
# Disabling source management mode.  This is to allow the top design properties to be set without GUI intervention.
set_property source_mgmt_mode None [current_project]
set_property top tb_Modo_Temp [get_filesets sim_1]
set_property top_lib xil_defaultlib [get_filesets sim_1]
# Re-enabling previously disabled source management mode.
set_property source_mgmt_mode All [current_project]
update_compile_order -fileset sim_1
update_compile_order -fileset sim_1
# Disabling source management mode.  This is to allow the top design properties to be set without GUI intervention.
set_property source_mgmt_mode None [current_project]
set_property top Modo_Temp_tb [get_filesets sim_1]
set_property top_lib xil_defaultlib [get_filesets sim_1]
# Re-enabling previously disabled source management mode.
set_property source_mgmt_mode All [current_project]
update_compile_order -fileset sim_1
launch_simulation
launch_simulation
close_sim
launch_simulation
source Modo_Temp_tb.tcl
close_sim
launch_simulation
source Modo_Temp_tb.tcl
close_sim
launch_simulation
source Modo_Temp_tb.tcl
close_sim
launch_simulation
source Modo_Temp_tb.tcl
close_sim
